10619270
